["type: synth_fragment\nlocation: [1127000:1129600](+)\nqualifiers: \n    Key: label, Value: ['seg23_000']\n", "type: synth_fragment\nlocation: [1129500:1132100](+)\nqualifiers: \n    Key: label, Value: ['seg23_001']\n", "type: synth_fragment\nlocation: [1132000:1134600](+)\nqualifiers: \n    Key: label, Value: ['seg23_002']\n", "type: synth_fragment\nlocation: [1134500:1137100](+)\nqualifiers: \n    Key: label, Value: ['seg23_003']\n", "type: synth_fragment\nlocation: [1137000:1139600](+)\nqualifiers: \n    Key: label, Value: ['seg23_004']\n", "type: synth_fragment\nlocation: [1139500:1142100](+)\nqualifiers: \n    Key: label, Value: ['seg23_005']\n", "type: synth_fragment\nlocation: [1142000:1144600](+)\nqualifiers: \n    Key: label, Value: ['seg23_006']\n", "type: synth_fragment\nlocation: [1144500:1147100](+)\nqualifiers: \n    Key: label, Value: ['seg23_007']\n", "type: synth_fragment\nlocation: [1147000:1149600](+)\nqualifiers: \n    Key: label, Value: ['seg23_008']\n", "type: synth_fragment\nlocation: [1149500:1152100](+)\nqualifiers: \n    Key: label, Value: ['seg23_009']\n", "type: synth_fragment\nlocation: [1152000:1154600](+)\nqualifiers: \n    Key: label, Value: ['seg23_010']\n", "type: synth_fragment\nlocation: [1154500:1157100](+)\nqualifiers: \n    Key: label, Value: ['seg23_011']\n", "type: synth_fragment\nlocation: [1157000:1159600](+)\nqualifiers: \n    Key: label, Value: ['seg23_012']\n", "type: synth_fragment\nlocation: [1159500:1162100](+)\nqualifiers: \n    Key: label, Value: ['seg23_013']\n", "type: synth_fragment\nlocation: [1162000:1164600](+)\nqualifiers: \n    Key: label, Value: ['seg23_014']\n", "type: synth_fragment\nlocation: [1164500:1167100](+)\nqualifiers: \n    Key: label, Value: ['seg23_015']\n", "type: synth_fragment\nlocation: [1167000:1169600](+)\nqualifiers: \n    Key: label, Value: ['seg23_016']\n", "type: synth_fragment\nlocation: [1169500:1172100](+)\nqualifiers: \n    Key: label, Value: ['seg23_017']\n", "type: synth_fragment\nlocation: [1172000:1176000](+)\nqualifiers: \n    Key: label, Value: ['seg23_018']\n"]